Symbol: _Draw (drawfunc.o) = 0000
Symbol: _draw_angle (drawfunc.o) = 0008
Symbol: _draw_blank (drawfunc.o) = 0012
Symbol: _draw_nomove (drawfunc.o) = 0011
Symbol: _draw_path (drawfunc.o) = 000C
Symbol: _draw_scale (drawfunc.o) = 0009
Symbol: _draw_strings (drawfunc.o) = 000A
Symbol: _draw_x1 (drawfunc.o) = 0000
Symbol: _draw_x2 (drawfunc.o) = 0004
Symbol: _draw_xoff (drawfunc.o) = 000D
Symbol: _draw_y1 (drawfunc.o) = 0002
Symbol: _draw_y2 (drawfunc.o) = 0006
Symbol: _draw_yoff (drawfunc.o) = 000F
Symbol: calcmove (drawfunc.o) = 0275
Symbol: g00 (drawfunc.o) = 01D1
Symbol: g02 (drawfunc.o) = 01CD
Symbol: g10 (drawfunc.o) = 01FA
Symbol: g11 (drawfunc.o) = 0212
Symbol: g20 (drawfunc.o) = 0228
Symbol: getnum (drawfunc.o) = 01B3
Symbol: gloop0 (drawfunc.o) = 01D7
Symbol: gnext0 (drawfunc.o) = 01F6
Symbol: m00 (drawfunc.o) = 024A
Symbol: m10 (drawfunc.o) = 0263
Symbol: move (drawfunc.o) = 022D
Symbol: move00 (drawfunc.o) = 0311
Symbol: moveto (drawfunc.o) = 02B9
Symbol: mrts (drawfunc.o) = 0327
Symbol: p00 (drawfunc.o) = 002D
Symbol: p10 (drawfunc.o) = 0037
Symbol: p20 (drawfunc.o) = 0041
Symbol: p30 (drawfunc.o) = 0061
Symbol: p40 (drawfunc.o) = 0070
Symbol: p50 (drawfunc.o) = 007D
Symbol: p50a (drawfunc.o) = 0081
Symbol: p51 (drawfunc.o) = 009C
Symbol: p52 (drawfunc.o) = 00B9
Symbol: p53 (drawfunc.o) = 00C0
Symbol: p60 (drawfunc.o) = 00D9
Symbol: p70 (drawfunc.o) = 00FD
Symbol: p71 (drawfunc.o) = 0116
Symbol: p72 (drawfunc.o) = 012D
Symbol: p73 (drawfunc.o) = 0146
Symbol: p74 (drawfunc.o) = 015C
Symbol: p75 (drawfunc.o) = 0172
Symbol: p76 (drawfunc.o) = 0186
Symbol: p77 (drawfunc.o) = 019C
Symbol: parse (drawfunc.o) = 0015
Symbol: ploop (drawfunc.o) = 001D
Symbol: prts (drawfunc.o) = 01B2
