Symbol: _Play (play.o) = 001F
Symbol: _play_curdots (play.o) = 0008
Symbol: _play_dots (play.o) = 0002
Symbol: _play_length (play.o) = 0001
Symbol: _play_notes (play.o) = 0000
Symbol: _play_notetbl (play.o) = 0018
Symbol: _play_octave (play.o) = 0004
Symbol: _play_path (play.o) = 0009
Symbol: _play_remainder (play.o) = 0006
Symbol: _play_strings (play.o) = 000A
Symbol: _play_style (play.o) = 0003
Symbol: _play_tempo (play.o) = 0000
Symbol: _play_volume (play.o) = 0005
Symbol: calctime (play.o) = 023A
Symbol: cloop0 (play.o) = 024E
Symbol: cloop1 (play.o) = 0261
Symbol: cnext0 (play.o) = 025C
Symbol: cnext1 (play.o) = 0269
Symbol: g00 (play.o) = 01EC
Symbol: g01 (play.o) = 0208
Symbol: g10 (play.o) = 021E
Symbol: g20 (play.o) = 0225
Symbol: g30 (play.o) = 022C
Symbol: g40 (play.o) = 0233
Symbol: getnum (play.o) = 01C2
Symbol: gloop0 (play.o) = 01D4
Symbol: gnext0 (play.o) = 01E9
Symbol: grts (play.o) = 01EB
Symbol: p00 (play.o) = 0071
Symbol: p01 (play.o) = 007F
Symbol: p02 (play.o) = 008D
Symbol: p03 (play.o) = 0097
Symbol: p04 (play.o) = 00A3
Symbol: p05 (play.o) = 00AF
Symbol: p06 (play.o) = 00CC
Symbol: p07 (play.o) = 00D8
Symbol: p08 (play.o) = 00DA
Symbol: p10 (play.o) = 00E1
Symbol: p20 (play.o) = 0105
Symbol: p30 (play.o) = 0117
Symbol: p31 (play.o) = 012A
Symbol: p32 (play.o) = 0136
Symbol: p40 (play.o) = 013B
Symbol: p50 (play.o) = 014D
Symbol: p60 (play.o) = 015E
Symbol: p61 (play.o) = 017E
Symbol: p62 (play.o) = 018A
Symbol: p70 (play.o) = 0192
Symbol: p71 (play.o) = 01A7
Symbol: p72 (play.o) = 01B2
Symbol: parse (play.o) = 0061
Symbol: playit (play.o) = 02E4
Symbol: playleg (play.o) = 02E2
Symbol: playnorm (play.o) = 02C5
Symbol: playnote (play.o) = 0270
Symbol: playrest (play.o) = 02F8
Symbol: playret (play.o) = 02F6
Symbol: playret2 (play.o) = 0305
Symbol: playstac (play.o) = 02D4
Symbol: ploop0 (play.o) = 028B
Symbol: ploop1 (play.o) = 0294
Symbol: ploop2 (play.o) = 02A4
Symbol: pnext1 (play.o) = 029D
Symbol: pnext2 (play.o) = 02AC
Symbol: prts (play.o) = 01C1
