Symbol: _abort (abort.o) = 0000
Symbol: E_EOF (abort.o) = 00D3
Symbol: E_FNA (abort.o) = 00D6
Symbol: E_Seek (abort.o) = 00F7
Symbol: E_UnkSvc (abort.o) = 00D0
Symbol: F_Chain (abort.o) = 0005
Symbol: F_CRC (abort.o) = 0017
Symbol: F_Exit (abort.o) = 0006
Symbol: F_Fork (abort.o) = 0003
Symbol: F_Icpt (abort.o) = 0009
Symbol: F_ID (abort.o) = 000C
Symbol: F_Link (abort.o) = 0000
Symbol: F_Load (abort.o) = 0001
Symbol: F_Mem (abort.o) = 0007
Symbol: F_PErr (abort.o) = 000F
Symbol: F_Send (abort.o) = 0008
Symbol: F_Sleep (abort.o) = 000A
Symbol: F_SPrior (abort.o) = 000D
Symbol: F_STime (abort.o) = 0016
Symbol: F_Time (abort.o) = 0015
Symbol: F_UnLink (abort.o) = 0002
Symbol: F_Wait (abort.o) = 0004
Symbol: I_ChgDir (abort.o) = 0086
Symbol: I_Close (abort.o) = 008F
Symbol: I_Create (abort.o) = 0083
Symbol: I_DeletX (abort.o) = 0090
Symbol: I_GetStt (abort.o) = 008D
Symbol: I_MakDir (abort.o) = 0085
Symbol: I_Open (abort.o) = 0084
Symbol: I_Read (abort.o) = 0089
Symbol: I_ReadLn (abort.o) = 008B
Symbol: I_Seek (abort.o) = 0088
Symbol: I_SetStt (abort.o) = 008E
Symbol: I_Write (abort.o) = 008A
Symbol: I_WritLn (abort.o) = 008C
Symbol: SS_BlkRd (abort.o) = 0014
Symbol: SS_BlkWr (abort.o) = 0015
Symbol: SS_DCmd (abort.o) = 000D
Symbol: SS_DevNm (abort.o) = 000E
Symbol: SS_ELog (abort.o) = 0019
Symbol: SS_EOF (abort.o) = 0006
Symbol: SS_FD (abort.o) = 000F
Symbol: SS_Frz (abort.o) = 000A
Symbol: SS_Lock (abort.o) = 0011
Symbol: SS_Pos (abort.o) = 0005
Symbol: SS_Ready (abort.o) = 0001
Symbol: SS_Relea (abort.o) = 001B
Symbol: SS_Reset (abort.o) = 0003
Symbol: SS_Size (abort.o) = 0002
Symbol: SS_SPT (abort.o) = 000B
Symbol: SS_SQD (abort.o) = 000C
Symbol: SS_SSig (abort.o) = 001A
Symbol: SS_Ticks (abort.o) = 0010
Symbol: SS_WTrk (abort.o) = 0004
