Symbol: __os_ss_attr (attr.o) = 0000
Symbol: E_EOF (attr.o) = 00D3
Symbol: E_FNA (attr.o) = 00D6
Symbol: E_Seek (attr.o) = 00F7
Symbol: E_UnkSvc (attr.o) = 00D0
Symbol: F_Chain (attr.o) = 0005
Symbol: F_CRC (attr.o) = 0017
Symbol: F_Exit (attr.o) = 0006
Symbol: F_Fork (attr.o) = 0003
Symbol: F_Icpt (attr.o) = 0009
Symbol: F_ID (attr.o) = 000C
Symbol: F_Link (attr.o) = 0000
Symbol: F_Load (attr.o) = 0001
Symbol: F_Mem (attr.o) = 0007
Symbol: F_PErr (attr.o) = 000F
Symbol: F_Send (attr.o) = 0008
Symbol: F_Sleep (attr.o) = 000A
Symbol: F_SPrior (attr.o) = 000D
Symbol: F_STime (attr.o) = 0016
Symbol: F_Time (attr.o) = 0015
Symbol: F_UnLink (attr.o) = 0002
Symbol: F_Wait (attr.o) = 0004
Symbol: FAM_DIR (attr.o) = 0080
Symbol: FAM_READ (attr.o) = 0001
Symbol: FAM_UPDATE (attr.o) = 0003
Symbol: FAM_WRITE (attr.o) = 0002
Symbol: getfd (attr.o) = 0046
Symbol: goexit (attr.o) = 0035
Symbol: I_ChgDir (attr.o) = 0086
Symbol: I_Close (attr.o) = 008F
Symbol: I_Create (attr.o) = 0083
Symbol: I_DeletX (attr.o) = 0090
Symbol: I_GetStt (attr.o) = 008D
Symbol: I_MakDir (attr.o) = 0085
Symbol: I_Open (attr.o) = 0084
Symbol: I_Read (attr.o) = 0089
Symbol: I_ReadLn (attr.o) = 008B
Symbol: I_Seek (attr.o) = 0088
Symbol: I_SetStt (attr.o) = 008E
Symbol: I_Write (attr.o) = 008A
Symbol: I_WritLn (attr.o) = 008C
Symbol: openfile (attr.o) = 003D
Symbol: openok (attr.o) = 0010
Symbol: S_DIR (attr.o) = 0080
Symbol: S_IEXEC (attr.o) = 0004
Symbol: S_IOEXEC (attr.o) = 0020
Symbol: S_IOREAD (attr.o) = 0008
Symbol: S_IOWRITE (attr.o) = 0010
Symbol: S_IREAD (attr.o) = 0001
Symbol: S_IWRITE (attr.o) = 0002
Symbol: S_SHARED (attr.o) = 0040
Symbol: SS_BlkRd (attr.o) = 0014
Symbol: SS_BlkWr (attr.o) = 0015
Symbol: SS_DCmd (attr.o) = 000D
Symbol: SS_DevNm (attr.o) = 000E
Symbol: SS_ELog (attr.o) = 0019
Symbol: SS_EOF (attr.o) = 0006
Symbol: SS_FD (attr.o) = 000F
Symbol: SS_Frz (attr.o) = 000A
Symbol: SS_Lock (attr.o) = 0011
Symbol: SS_Pos (attr.o) = 0005
Symbol: SS_Ready (attr.o) = 0001
Symbol: SS_Relea (attr.o) = 001B
Symbol: SS_Reset (attr.o) = 0003
Symbol: SS_Size (attr.o) = 0002
Symbol: SS_SPT (attr.o) = 000B
Symbol: SS_SQD (attr.o) = 000C
Symbol: SS_SSig (attr.o) = 001A
Symbol: SS_Ticks (attr.o) = 0010
Symbol: SS_WTrk (attr.o) = 0004
Symbol: userok (attr.o) = 0024
