Symbol: _brk (brk.o) = 0000
Symbol: _unbrk (brk.o) = 0000
Symbol: BranchTarget_01 (brk.o) = 000E
Symbol: E_EOF (brk.o) = 00D3
Symbol: E_FNA (brk.o) = 00D6
Symbol: E_Seek (brk.o) = 00F7
Symbol: E_UnkSvc (brk.o) = 00D0
Symbol: F_Chain (brk.o) = 0005
Symbol: F_CRC (brk.o) = 0017
Symbol: F_Exit (brk.o) = 0006
Symbol: F_Fork (brk.o) = 0003
Symbol: F_Icpt (brk.o) = 0009
Symbol: F_ID (brk.o) = 000C
Symbol: F_Link (brk.o) = 0000
Symbol: F_Load (brk.o) = 0001
Symbol: F_Mem (brk.o) = 0007
Symbol: F_PErr (brk.o) = 000F
Symbol: F_Send (brk.o) = 0008
Symbol: F_Sleep (brk.o) = 000A
Symbol: F_SPrior (brk.o) = 000D
Symbol: F_STime (brk.o) = 0016
Symbol: F_Time (brk.o) = 0015
Symbol: F_UnLink (brk.o) = 0002
Symbol: F_Wait (brk.o) = 0004
Symbol: I_ChgDir (brk.o) = 0086
Symbol: I_Close (brk.o) = 008F
Symbol: I_Create (brk.o) = 0083
Symbol: I_DeletX (brk.o) = 0090
Symbol: I_GetStt (brk.o) = 008D
Symbol: I_MakDir (brk.o) = 0085
Symbol: I_Open (brk.o) = 0084
Symbol: I_Read (brk.o) = 0089
Symbol: I_ReadLn (brk.o) = 008B
Symbol: I_Seek (brk.o) = 0088
Symbol: I_SetStt (brk.o) = 008E
Symbol: I_Write (brk.o) = 008A
Symbol: I_WritLn (brk.o) = 008C
Symbol: SS_BlkRd (brk.o) = 0014
Symbol: SS_BlkWr (brk.o) = 0015
Symbol: SS_DCmd (brk.o) = 000D
Symbol: SS_DevNm (brk.o) = 000E
Symbol: SS_ELog (brk.o) = 0019
Symbol: SS_EOF (brk.o) = 0006
Symbol: SS_FD (brk.o) = 000F
Symbol: SS_Frz (brk.o) = 000A
Symbol: SS_Lock (brk.o) = 0011
Symbol: SS_Pos (brk.o) = 0005
Symbol: SS_Ready (brk.o) = 0001
Symbol: SS_Relea (brk.o) = 001B
Symbol: SS_Reset (brk.o) = 0003
Symbol: SS_Size (brk.o) = 0002
Symbol: SS_SPT (brk.o) = 000B
Symbol: SS_SQD (brk.o) = 000C
Symbol: SS_SSig (brk.o) = 001A
Symbol: SS_Ticks (brk.o) = 0010
Symbol: SS_WTrk (brk.o) = 0004
