Symbol: __exit (cfinish.o) = 0000
Symbol: _exit (cfinish.o) = 0008
Symbol: E_EOF (cfinish.o) = 00D3
Symbol: E_FNA (cfinish.o) = 00D6
Symbol: E_Seek (cfinish.o) = 00F7
Symbol: E_UnkSvc (cfinish.o) = 00D0
Symbol: F_Chain (cfinish.o) = 0005
Symbol: F_CRC (cfinish.o) = 0017
Symbol: F_Exit (cfinish.o) = 0006
Symbol: F_Fork (cfinish.o) = 0003
Symbol: F_Icpt (cfinish.o) = 0009
Symbol: F_ID (cfinish.o) = 000C
Symbol: F_Link (cfinish.o) = 0000
Symbol: F_Load (cfinish.o) = 0001
Symbol: F_Mem (cfinish.o) = 0007
Symbol: F_PErr (cfinish.o) = 000F
Symbol: F_Send (cfinish.o) = 0008
Symbol: F_Sleep (cfinish.o) = 000A
Symbol: F_SPrior (cfinish.o) = 000D
Symbol: F_STime (cfinish.o) = 0016
Symbol: F_Time (cfinish.o) = 0015
Symbol: F_UnLink (cfinish.o) = 0002
Symbol: F_Wait (cfinish.o) = 0004
Symbol: I_ChgDir (cfinish.o) = 0086
Symbol: I_Close (cfinish.o) = 008F
Symbol: I_Create (cfinish.o) = 0083
Symbol: I_DeletX (cfinish.o) = 0090
Symbol: I_GetStt (cfinish.o) = 008D
Symbol: I_MakDir (cfinish.o) = 0085
Symbol: I_Open (cfinish.o) = 0084
Symbol: I_Read (cfinish.o) = 0089
Symbol: I_ReadLn (cfinish.o) = 008B
Symbol: I_Seek (cfinish.o) = 0088
Symbol: I_SetStt (cfinish.o) = 008E
Symbol: I_Write (cfinish.o) = 008A
Symbol: I_WritLn (cfinish.o) = 008C
Symbol: SS_BlkRd (cfinish.o) = 0014
Symbol: SS_BlkWr (cfinish.o) = 0015
Symbol: SS_DCmd (cfinish.o) = 000D
Symbol: SS_DevNm (cfinish.o) = 000E
Symbol: SS_ELog (cfinish.o) = 0019
Symbol: SS_EOF (cfinish.o) = 0006
Symbol: SS_FD (cfinish.o) = 000F
Symbol: SS_Frz (cfinish.o) = 000A
Symbol: SS_Lock (cfinish.o) = 0011
Symbol: SS_Pos (cfinish.o) = 0005
Symbol: SS_Ready (cfinish.o) = 0001
Symbol: SS_Relea (cfinish.o) = 001B
Symbol: SS_Reset (cfinish.o) = 0003
Symbol: SS_Size (cfinish.o) = 0002
Symbol: SS_SPT (cfinish.o) = 000B
Symbol: SS_SQD (cfinish.o) = 000C
Symbol: SS_SSig (cfinish.o) = 001A
Symbol: SS_Ticks (cfinish.o) = 0010
Symbol: SS_WTrk (cfinish.o) = 0004
