Symbol: _chmod (chmod.o) = 0000
Symbol: Bufsize (chmod.o) = 0010
Symbol: chexit (chmod.o) = 002D
Symbol: chmod10 (chmod.o) = 001C
Symbol: E_EOF (chmod.o) = 00D3
Symbol: E_FNA (chmod.o) = 00D6
Symbol: E_Seek (chmod.o) = 00F7
Symbol: E_UnkSvc (chmod.o) = 00D0
Symbol: F_Chain (chmod.o) = 0005
Symbol: F_CRC (chmod.o) = 0017
Symbol: F_Exit (chmod.o) = 0006
Symbol: F_Fork (chmod.o) = 0003
Symbol: F_Icpt (chmod.o) = 0009
Symbol: F_ID (chmod.o) = 000C
Symbol: F_Link (chmod.o) = 0000
Symbol: F_Load (chmod.o) = 0001
Symbol: F_Mem (chmod.o) = 0007
Symbol: F_PErr (chmod.o) = 000F
Symbol: F_Send (chmod.o) = 0008
Symbol: F_Sleep (chmod.o) = 000A
Symbol: F_SPrior (chmod.o) = 000D
Symbol: F_STime (chmod.o) = 0016
Symbol: F_Time (chmod.o) = 0015
Symbol: F_UnLink (chmod.o) = 0002
Symbol: F_Wait (chmod.o) = 0004
Symbol: FAM_DIR (chmod.o) = 0080
Symbol: FAM_READ (chmod.o) = 0001
Symbol: FAM_UPDATE (chmod.o) = 0003
Symbol: FAM_WRITE (chmod.o) = 0002
Symbol: FD_Att (chmod.o) = 0000
Symbol: FD_Own (chmod.o) = 0001
Symbol: I_ChgDir (chmod.o) = 0086
Symbol: I_Close (chmod.o) = 008F
Symbol: I_Create (chmod.o) = 0083
Symbol: I_DeletX (chmod.o) = 0090
Symbol: I_GetStt (chmod.o) = 008D
Symbol: I_MakDir (chmod.o) = 0085
Symbol: I_Open (chmod.o) = 0084
Symbol: I_Read (chmod.o) = 0089
Symbol: I_ReadLn (chmod.o) = 008B
Symbol: I_Seek (chmod.o) = 0088
Symbol: I_SetStt (chmod.o) = 008E
Symbol: I_Write (chmod.o) = 008A
Symbol: I_WritLn (chmod.o) = 008C
Symbol: openf10 (chmod.o) = 0040
Symbol: openfile (chmod.o) = 0035
Symbol: S_DIR (chmod.o) = 0080
Symbol: S_IEXEC (chmod.o) = 0004
Symbol: S_IOEXEC (chmod.o) = 0020
Symbol: S_IOREAD (chmod.o) = 0008
Symbol: S_IOWRITE (chmod.o) = 0010
Symbol: S_IREAD (chmod.o) = 0001
Symbol: S_IWRITE (chmod.o) = 0002
Symbol: S_SHARED (chmod.o) = 0040
Symbol: SS_BlkRd (chmod.o) = 0014
Symbol: SS_BlkWr (chmod.o) = 0015
Symbol: SS_DCmd (chmod.o) = 000D
Symbol: SS_DevNm (chmod.o) = 000E
Symbol: SS_ELog (chmod.o) = 0019
Symbol: SS_EOF (chmod.o) = 0006
Symbol: SS_FD (chmod.o) = 000F
Symbol: SS_Frz (chmod.o) = 000A
Symbol: SS_Lock (chmod.o) = 0011
Symbol: SS_Pos (chmod.o) = 0005
Symbol: SS_Ready (chmod.o) = 0001
Symbol: SS_Relea (chmod.o) = 001B
Symbol: SS_Reset (chmod.o) = 0003
Symbol: SS_Size (chmod.o) = 0002
Symbol: SS_SPT (chmod.o) = 000B
Symbol: SS_SQD (chmod.o) = 000C
Symbol: SS_SSig (chmod.o) = 001A
Symbol: SS_Ticks (chmod.o) = 0010
Symbol: SS_WTrk (chmod.o) = 0004
