Symbol: _chown (chown.o) = 0000
Symbol: Bufsize (chown.o) = 0010
Symbol: chxit (chown.o) = 002A
Symbol: E_EOF (chown.o) = 00D3
Symbol: E_FNA (chown.o) = 00D6
Symbol: E_Seek (chown.o) = 00F7
Symbol: E_UnkSvc (chown.o) = 00D0
Symbol: F_Chain (chown.o) = 0005
Symbol: F_CRC (chown.o) = 0017
Symbol: F_Exit (chown.o) = 0006
Symbol: F_Fork (chown.o) = 0003
Symbol: F_Icpt (chown.o) = 0009
Symbol: F_ID (chown.o) = 000C
Symbol: F_Link (chown.o) = 0000
Symbol: F_Load (chown.o) = 0001
Symbol: F_Mem (chown.o) = 0007
Symbol: F_PErr (chown.o) = 000F
Symbol: F_Send (chown.o) = 0008
Symbol: F_Sleep (chown.o) = 000A
Symbol: F_SPrior (chown.o) = 000D
Symbol: F_STime (chown.o) = 0016
Symbol: F_Time (chown.o) = 0015
Symbol: F_UnLink (chown.o) = 0002
Symbol: F_Wait (chown.o) = 0004
Symbol: FAM_DIR (chown.o) = 0080
Symbol: FAM_READ (chown.o) = 0001
Symbol: FAM_UPDATE (chown.o) = 0003
Symbol: FAM_WRITE (chown.o) = 0002
Symbol: I_ChgDir (chown.o) = 0086
Symbol: I_Close (chown.o) = 008F
Symbol: I_Create (chown.o) = 0083
Symbol: I_DeletX (chown.o) = 0090
Symbol: I_GetStt (chown.o) = 008D
Symbol: I_MakDir (chown.o) = 0085
Symbol: I_Open (chown.o) = 0084
Symbol: I_Read (chown.o) = 0089
Symbol: I_ReadLn (chown.o) = 008B
Symbol: I_Seek (chown.o) = 0088
Symbol: I_SetStt (chown.o) = 008E
Symbol: I_Write (chown.o) = 008A
Symbol: I_WritLn (chown.o) = 008C
Symbol: openf10 (chown.o) = 003D
Symbol: openfile (chown.o) = 0032
Symbol: S_DIR (chown.o) = 0080
Symbol: S_IEXEC (chown.o) = 0004
Symbol: S_IOEXEC (chown.o) = 0020
Symbol: S_IOREAD (chown.o) = 0008
Symbol: S_IOWRITE (chown.o) = 0010
Symbol: S_IREAD (chown.o) = 0001
Symbol: S_IWRITE (chown.o) = 0002
Symbol: S_SHARED (chown.o) = 0040
Symbol: SS_BlkRd (chown.o) = 0014
Symbol: SS_BlkWr (chown.o) = 0015
Symbol: SS_DCmd (chown.o) = 000D
Symbol: SS_DevNm (chown.o) = 000E
Symbol: SS_ELog (chown.o) = 0019
Symbol: SS_EOF (chown.o) = 0006
Symbol: SS_FD (chown.o) = 000F
Symbol: SS_Frz (chown.o) = 000A
Symbol: SS_Lock (chown.o) = 0011
Symbol: SS_Pos (chown.o) = 0005
Symbol: SS_Ready (chown.o) = 0001
Symbol: SS_Relea (chown.o) = 001B
Symbol: SS_Reset (chown.o) = 0003
Symbol: SS_Size (chown.o) = 0002
Symbol: SS_SPT (chown.o) = 000B
Symbol: SS_SQD (chown.o) = 000C
Symbol: SS_SSig (chown.o) = 001A
Symbol: SS_Ticks (chown.o) = 0010
Symbol: SS_WTrk (chown.o) = 0004
