Symbol: _datlink (datmods.o) = 0021
Symbol: _dunlink (datmods.o) = 0069
Symbol: _lockdata (datmods.o) = 0000
Symbol: _unlkdata (datmods.o) = 0011
Symbol: BranchTarget_01 (datmods.o) = 003A
Symbol: BranchTarget_02 (datmods.o) = 0045
Symbol: BranchTarget_03 (datmods.o) = 0067
Symbol: E_EOF (datmods.o) = 00D3
Symbol: E_FNA (datmods.o) = 00D6
Symbol: E_Seek (datmods.o) = 00F7
Symbol: E_UnkSvc (datmods.o) = 00D0
Symbol: F_Chain (datmods.o) = 0005
Symbol: F_CRC (datmods.o) = 0017
Symbol: F_Exit (datmods.o) = 0006
Symbol: F_Fork (datmods.o) = 0003
Symbol: F_Icpt (datmods.o) = 0009
Symbol: F_ID (datmods.o) = 000C
Symbol: F_Link (datmods.o) = 0000
Symbol: F_Load (datmods.o) = 0001
Symbol: F_Mem (datmods.o) = 0007
Symbol: F_PErr (datmods.o) = 000F
Symbol: F_Send (datmods.o) = 0008
Symbol: F_Sleep (datmods.o) = 000A
Symbol: F_SPrior (datmods.o) = 000D
Symbol: F_STime (datmods.o) = 0016
Symbol: F_Time (datmods.o) = 0015
Symbol: F_UnLink (datmods.o) = 0002
Symbol: F_Wait (datmods.o) = 0004
Symbol: I_ChgDir (datmods.o) = 0086
Symbol: I_Close (datmods.o) = 008F
Symbol: I_Create (datmods.o) = 0083
Symbol: I_DeletX (datmods.o) = 0090
Symbol: I_GetStt (datmods.o) = 008D
Symbol: I_MakDir (datmods.o) = 0085
Symbol: I_Open (datmods.o) = 0084
Symbol: I_Read (datmods.o) = 0089
Symbol: I_ReadLn (datmods.o) = 008B
Symbol: I_Seek (datmods.o) = 0088
Symbol: I_SetStt (datmods.o) = 008E
Symbol: I_Write (datmods.o) = 008A
Symbol: I_WritLn (datmods.o) = 008C
Symbol: Loop_01 (datmods.o) = 000E
Symbol: Loop_02 (datmods.o) = 0035
Symbol: ReturnZero_01 (datmods.o) = 001D
Symbol: SS_BlkRd (datmods.o) = 0014
Symbol: SS_BlkWr (datmods.o) = 0015
Symbol: SS_DCmd (datmods.o) = 000D
Symbol: SS_DevNm (datmods.o) = 000E
Symbol: SS_ELog (datmods.o) = 0019
Symbol: SS_EOF (datmods.o) = 0006
Symbol: SS_FD (datmods.o) = 000F
Symbol: SS_Frz (datmods.o) = 000A
Symbol: SS_Lock (datmods.o) = 0011
Symbol: SS_Pos (datmods.o) = 0005
Symbol: SS_Ready (datmods.o) = 0001
Symbol: SS_Relea (datmods.o) = 001B
Symbol: SS_Reset (datmods.o) = 0003
Symbol: SS_Size (datmods.o) = 0002
Symbol: SS_SPT (datmods.o) = 000B
Symbol: SS_SQD (datmods.o) = 000C
Symbol: SS_SSig (datmods.o) = 001A
Symbol: SS_Ticks (datmods.o) = 0010
Symbol: SS_WTrk (datmods.o) = 0004
