Symbol: _chdir (dir.o) = 0000
Symbol: _chxdir (dir.o) = 000A
Symbol: E_EOF (dir.o) = 00D3
Symbol: E_FNA (dir.o) = 00D6
Symbol: E_Seek (dir.o) = 00F7
Symbol: E_UnkSvc (dir.o) = 00D0
Symbol: F_Chain (dir.o) = 0005
Symbol: F_CRC (dir.o) = 0017
Symbol: F_Exit (dir.o) = 0006
Symbol: F_Fork (dir.o) = 0003
Symbol: F_Icpt (dir.o) = 0009
Symbol: F_ID (dir.o) = 000C
Symbol: F_Link (dir.o) = 0000
Symbol: F_Load (dir.o) = 0001
Symbol: F_Mem (dir.o) = 0007
Symbol: F_PErr (dir.o) = 000F
Symbol: F_Send (dir.o) = 0008
Symbol: F_Sleep (dir.o) = 000A
Symbol: F_SPrior (dir.o) = 000D
Symbol: F_STime (dir.o) = 0016
Symbol: F_Time (dir.o) = 0015
Symbol: F_UnLink (dir.o) = 0002
Symbol: F_Wait (dir.o) = 0004
Symbol: I_ChgDir (dir.o) = 0086
Symbol: I_Close (dir.o) = 008F
Symbol: I_Create (dir.o) = 0083
Symbol: I_DeletX (dir.o) = 0090
Symbol: I_GetStt (dir.o) = 008D
Symbol: I_MakDir (dir.o) = 0085
Symbol: I_Open (dir.o) = 0084
Symbol: I_Read (dir.o) = 0089
Symbol: I_ReadLn (dir.o) = 008B
Symbol: I_Seek (dir.o) = 0088
Symbol: I_SetStt (dir.o) = 008E
Symbol: I_Write (dir.o) = 008A
Symbol: I_WritLn (dir.o) = 008C
Symbol: Loop_01 (dir.o) = 0002
Symbol: SS_BlkRd (dir.o) = 0014
Symbol: SS_BlkWr (dir.o) = 0015
Symbol: SS_DCmd (dir.o) = 000D
Symbol: SS_DevNm (dir.o) = 000E
Symbol: SS_ELog (dir.o) = 0019
Symbol: SS_EOF (dir.o) = 0006
Symbol: SS_FD (dir.o) = 000F
Symbol: SS_Frz (dir.o) = 000A
Symbol: SS_Lock (dir.o) = 0011
Symbol: SS_Pos (dir.o) = 0005
Symbol: SS_Ready (dir.o) = 0001
Symbol: SS_Relea (dir.o) = 001B
Symbol: SS_Reset (dir.o) = 0003
Symbol: SS_Size (dir.o) = 0002
Symbol: SS_SPT (dir.o) = 000B
Symbol: SS_SQD (dir.o) = 000C
Symbol: SS_SSig (dir.o) = 001A
Symbol: SS_Ticks (dir.o) = 0010
Symbol: SS_WTrk (dir.o) = 0004
