Symbol: _getpid (getpid.o) = 0000
Symbol: E_EOF (getpid.o) = 00D3
Symbol: E_FNA (getpid.o) = 00D6
Symbol: E_Seek (getpid.o) = 00F7
Symbol: E_UnkSvc (getpid.o) = 00D0
Symbol: F_Chain (getpid.o) = 0005
Symbol: F_CRC (getpid.o) = 0017
Symbol: F_Exit (getpid.o) = 0006
Symbol: F_Fork (getpid.o) = 0003
Symbol: F_Icpt (getpid.o) = 0009
Symbol: F_ID (getpid.o) = 000C
Symbol: F_Link (getpid.o) = 0000
Symbol: F_Load (getpid.o) = 0001
Symbol: F_Mem (getpid.o) = 0007
Symbol: F_PErr (getpid.o) = 000F
Symbol: F_Send (getpid.o) = 0008
Symbol: F_Sleep (getpid.o) = 000A
Symbol: F_SPrior (getpid.o) = 000D
Symbol: F_STime (getpid.o) = 0016
Symbol: F_Time (getpid.o) = 0015
Symbol: F_UnLink (getpid.o) = 0002
Symbol: F_Wait (getpid.o) = 0004
Symbol: I_ChgDir (getpid.o) = 0086
Symbol: I_Close (getpid.o) = 008F
Symbol: I_Create (getpid.o) = 0083
Symbol: I_DeletX (getpid.o) = 0090
Symbol: I_GetStt (getpid.o) = 008D
Symbol: I_MakDir (getpid.o) = 0085
Symbol: I_Open (getpid.o) = 0084
Symbol: I_Read (getpid.o) = 0089
Symbol: I_ReadLn (getpid.o) = 008B
Symbol: I_Seek (getpid.o) = 0088
Symbol: I_SetStt (getpid.o) = 008E
Symbol: I_Write (getpid.o) = 008A
Symbol: I_WritLn (getpid.o) = 008C
Symbol: SS_BlkRd (getpid.o) = 0014
Symbol: SS_BlkWr (getpid.o) = 0015
Symbol: SS_DCmd (getpid.o) = 000D
Symbol: SS_DevNm (getpid.o) = 000E
Symbol: SS_ELog (getpid.o) = 0019
Symbol: SS_EOF (getpid.o) = 0006
Symbol: SS_FD (getpid.o) = 000F
Symbol: SS_Frz (getpid.o) = 000A
Symbol: SS_Lock (getpid.o) = 0011
Symbol: SS_Pos (getpid.o) = 0005
Symbol: SS_Ready (getpid.o) = 0001
Symbol: SS_Relea (getpid.o) = 001B
Symbol: SS_Reset (getpid.o) = 0003
Symbol: SS_Size (getpid.o) = 0002
Symbol: SS_SPT (getpid.o) = 000B
Symbol: SS_SQD (getpid.o) = 000C
Symbol: SS_SSig (getpid.o) = 001A
Symbol: SS_Ticks (getpid.o) = 0010
Symbol: SS_WTrk (getpid.o) = 0004
