Symbol: _gs_pos (gs1.o) = 0004
Symbol: _gs_size (gs1.o) = 0000
Symbol: BranchTarget_01 (gs1.o) = 0019
Symbol: Continue_01 (gs1.o) = 0006
Symbol: E_EOF (gs1.o) = 00D3
Symbol: E_FNA (gs1.o) = 00D6
Symbol: E_Seek (gs1.o) = 00F7
Symbol: E_UnkSvc (gs1.o) = 00D0
Symbol: F_Chain (gs1.o) = 0005
Symbol: F_CRC (gs1.o) = 0017
Symbol: F_Exit (gs1.o) = 0006
Symbol: F_Fork (gs1.o) = 0003
Symbol: F_Icpt (gs1.o) = 0009
Symbol: F_ID (gs1.o) = 000C
Symbol: F_Link (gs1.o) = 0000
Symbol: F_Load (gs1.o) = 0001
Symbol: F_Mem (gs1.o) = 0007
Symbol: F_PErr (gs1.o) = 000F
Symbol: F_Send (gs1.o) = 0008
Symbol: F_Sleep (gs1.o) = 000A
Symbol: F_SPrior (gs1.o) = 000D
Symbol: F_STime (gs1.o) = 0016
Symbol: F_Time (gs1.o) = 0015
Symbol: F_UnLink (gs1.o) = 0002
Symbol: F_Wait (gs1.o) = 0004
Symbol: I_ChgDir (gs1.o) = 0086
Symbol: I_Close (gs1.o) = 008F
Symbol: I_Create (gs1.o) = 0083
Symbol: I_DeletX (gs1.o) = 0090
Symbol: I_GetStt (gs1.o) = 008D
Symbol: I_MakDir (gs1.o) = 0085
Symbol: I_Open (gs1.o) = 0084
Symbol: I_Read (gs1.o) = 0089
Symbol: I_ReadLn (gs1.o) = 008B
Symbol: I_Seek (gs1.o) = 0088
Symbol: I_SetStt (gs1.o) = 008E
Symbol: I_Write (gs1.o) = 008A
Symbol: I_WritLn (gs1.o) = 008C
Symbol: SS_BlkRd (gs1.o) = 0014
Symbol: SS_BlkWr (gs1.o) = 0015
Symbol: SS_DCmd (gs1.o) = 000D
Symbol: SS_DevNm (gs1.o) = 000E
Symbol: SS_ELog (gs1.o) = 0019
Symbol: SS_EOF (gs1.o) = 0006
Symbol: SS_FD (gs1.o) = 000F
Symbol: SS_Frz (gs1.o) = 000A
Symbol: SS_Lock (gs1.o) = 0011
Symbol: SS_Pos (gs1.o) = 0005
Symbol: SS_Ready (gs1.o) = 0001
Symbol: SS_Relea (gs1.o) = 001B
Symbol: SS_Reset (gs1.o) = 0003
Symbol: SS_Size (gs1.o) = 0002
Symbol: SS_SPT (gs1.o) = 000B
Symbol: SS_SQD (gs1.o) = 000C
Symbol: SS_SSig (gs1.o) = 001A
Symbol: SS_Ticks (gs1.o) = 0010
Symbol: SS_WTrk (gs1.o) = 0004
