Symbol: _gs_devn (gs2.o) = 001C
Symbol: _gs_eof (gs2.o) = 000D
Symbol: _gs_gfd (gs2.o) = 0032
Symbol: _gs_opt (gs2.o) = 0011
Symbol: _gs_rdy (gs2.o) = 0000
Symbol: BranchTarget_01 (gs2.o) = 0042
Symbol: Continue_01 (gs2.o) = 0015
Symbol: E_EOF (gs2.o) = 00D3
Symbol: E_FNA (gs2.o) = 00D6
Symbol: E_Seek (gs2.o) = 00F7
Symbol: E_UnkSvc (gs2.o) = 00D0
Symbol: F_Chain (gs2.o) = 0005
Symbol: F_CRC (gs2.o) = 0017
Symbol: F_Exit (gs2.o) = 0006
Symbol: F_Fork (gs2.o) = 0003
Symbol: F_Icpt (gs2.o) = 0009
Symbol: F_ID (gs2.o) = 000C
Symbol: F_Link (gs2.o) = 0000
Symbol: F_Load (gs2.o) = 0001
Symbol: F_Mem (gs2.o) = 0007
Symbol: F_PErr (gs2.o) = 000F
Symbol: F_Send (gs2.o) = 0008
Symbol: F_Sleep (gs2.o) = 000A
Symbol: F_SPrior (gs2.o) = 000D
Symbol: F_STime (gs2.o) = 0016
Symbol: F_Time (gs2.o) = 0015
Symbol: F_UnLink (gs2.o) = 0002
Symbol: F_Wait (gs2.o) = 0004
Symbol: I_ChgDir (gs2.o) = 0086
Symbol: I_Close (gs2.o) = 008F
Symbol: I_Create (gs2.o) = 0083
Symbol: I_DeletX (gs2.o) = 0090
Symbol: I_GetStt (gs2.o) = 008D
Symbol: I_MakDir (gs2.o) = 0085
Symbol: I_Open (gs2.o) = 0084
Symbol: I_Read (gs2.o) = 0089
Symbol: I_ReadLn (gs2.o) = 008B
Symbol: I_Seek (gs2.o) = 0088
Symbol: I_SetStt (gs2.o) = 008E
Symbol: I_Write (gs2.o) = 008A
Symbol: I_WritLn (gs2.o) = 008C
Symbol: Loop_01 (gs2.o) = 0027
Symbol: SS_BlkRd (gs2.o) = 0014
Symbol: SS_BlkWr (gs2.o) = 0015
Symbol: SS_DCmd (gs2.o) = 000D
Symbol: SS_DevNm (gs2.o) = 000E
Symbol: SS_ELog (gs2.o) = 0019
Symbol: SS_EOF (gs2.o) = 0006
Symbol: SS_FD (gs2.o) = 000F
Symbol: SS_Frz (gs2.o) = 000A
Symbol: SS_Lock (gs2.o) = 0011
Symbol: SS_Pos (gs2.o) = 0005
Symbol: SS_Ready (gs2.o) = 0001
Symbol: SS_Relea (gs2.o) = 001B
Symbol: SS_Reset (gs2.o) = 0003
Symbol: SS_Size (gs2.o) = 0002
Symbol: SS_SPT (gs2.o) = 000B
Symbol: SS_SQD (gs2.o) = 000C
Symbol: SS_SSig (gs2.o) = 001A
Symbol: SS_Ticks (gs2.o) = 0010
Symbol: SS_WTrk (gs2.o) = 0004
