Symbol: _intercept (intercept.o) = 0000
Symbol: _intsave (intercept.o) = 0000
Symbol: _sigint (intercept.o) = 0000
Symbol: E_EOF (intercept.o) = 00D3
Symbol: E_FNA (intercept.o) = 00D6
Symbol: E_Seek (intercept.o) = 00F7
Symbol: E_UnkSvc (intercept.o) = 00D0
Symbol: F_Chain (intercept.o) = 0005
Symbol: F_CRC (intercept.o) = 0017
Symbol: F_Exit (intercept.o) = 0006
Symbol: F_Fork (intercept.o) = 0003
Symbol: F_Icpt (intercept.o) = 0009
Symbol: F_ID (intercept.o) = 000C
Symbol: F_Link (intercept.o) = 0000
Symbol: F_Load (intercept.o) = 0001
Symbol: F_Mem (intercept.o) = 0007
Symbol: F_PErr (intercept.o) = 000F
Symbol: F_Send (intercept.o) = 0008
Symbol: F_Sleep (intercept.o) = 000A
Symbol: F_SPrior (intercept.o) = 000D
Symbol: F_STime (intercept.o) = 0016
Symbol: F_Time (intercept.o) = 0015
Symbol: F_UnLink (intercept.o) = 0002
Symbol: F_Wait (intercept.o) = 0004
Symbol: I_ChgDir (intercept.o) = 0086
Symbol: I_Close (intercept.o) = 008F
Symbol: I_Create (intercept.o) = 0083
Symbol: I_DeletX (intercept.o) = 0090
Symbol: I_GetStt (intercept.o) = 008D
Symbol: I_MakDir (intercept.o) = 0085
Symbol: I_Open (intercept.o) = 0084
Symbol: I_Read (intercept.o) = 0089
Symbol: I_ReadLn (intercept.o) = 008B
Symbol: I_Seek (intercept.o) = 0088
Symbol: I_SetStt (intercept.o) = 008E
Symbol: I_Write (intercept.o) = 008A
Symbol: I_WritLn (intercept.o) = 008C
Symbol: receiver (intercept.o) = 0016
Symbol: SS_BlkRd (intercept.o) = 0014
Symbol: SS_BlkWr (intercept.o) = 0015
Symbol: SS_DCmd (intercept.o) = 000D
Symbol: SS_DevNm (intercept.o) = 000E
Symbol: SS_ELog (intercept.o) = 0019
Symbol: SS_EOF (intercept.o) = 0006
Symbol: SS_FD (intercept.o) = 000F
Symbol: SS_Frz (intercept.o) = 000A
Symbol: SS_Lock (intercept.o) = 0011
Symbol: SS_Pos (intercept.o) = 0005
Symbol: SS_Ready (intercept.o) = 0001
Symbol: SS_Relea (intercept.o) = 001B
Symbol: SS_Reset (intercept.o) = 0003
Symbol: SS_Size (intercept.o) = 0002
Symbol: SS_SPT (intercept.o) = 000B
Symbol: SS_SQD (intercept.o) = 000C
Symbol: SS_SSig (intercept.o) = 001A
Symbol: SS_Ticks (intercept.o) = 0010
Symbol: SS_WTrk (intercept.o) = 0004
