Symbol: __os_close (io.o) = 008E
Symbol: __os_create (io.o) = 0000
Symbol: __os_delete (io.o) = 00A2
Symbol: __os_makdir (io.o) = 00B8
Symbol: __os_open (io.o) = 0061
Symbol: __os_read (io.o) = 00CE
Symbol: __os_readln (io.o) = 00F7
Symbol: __os_seek (io.o) = 0138
Symbol: __os_write (io.o) = 0108
Symbol: __os_writeln (io.o) = 0127
Symbol: _lseek (io.o) = 0150
Symbol: afterread (io.o) = 00DD
Symbol: createerr (io.o) = 0049
Symbol: createok (io.o) = 0052
Symbol: doseek (io.o) = 0190
Symbol: E_EOF (io.o) = 00D3
Symbol: E_FNA (io.o) = 00D6
Symbol: E_Seek (io.o) = 00F7
Symbol: E_UnkSvc (io.o) = 00D0
Symbol: end (io.o) = 017C
Symbol: F_Chain (io.o) = 0005
Symbol: F_CRC (io.o) = 0017
Symbol: F_Exit (io.o) = 0006
Symbol: F_Fork (io.o) = 0003
Symbol: F_Icpt (io.o) = 0009
Symbol: F_ID (io.o) = 000C
Symbol: F_Link (io.o) = 0000
Symbol: F_Load (io.o) = 0001
Symbol: F_Mem (io.o) = 0007
Symbol: F_PErr (io.o) = 000F
Symbol: F_Send (io.o) = 0008
Symbol: F_Sleep (io.o) = 000A
Symbol: F_SPrior (io.o) = 000D
Symbol: F_STime (io.o) = 0016
Symbol: F_Time (io.o) = 0015
Symbol: F_UnLink (io.o) = 0002
Symbol: F_Wait (io.o) = 0004
Symbol: here (io.o) = 0187
Symbol: I_ChgDir (io.o) = 0086
Symbol: I_Close (io.o) = 008F
Symbol: I_Create (io.o) = 0083
Symbol: I_DeletX (io.o) = 0090
Symbol: I_GetStt (io.o) = 008D
Symbol: I_MakDir (io.o) = 0085
Symbol: I_Open (io.o) = 0084
Symbol: I_Read (io.o) = 0089
Symbol: I_ReadLn (io.o) = 008B
Symbol: I_Seek (io.o) = 0088
Symbol: I_SetStt (io.o) = 008E
Symbol: I_Write (io.o) = 008A
Symbol: I_WritLn (io.o) = 008C
Symbol: L00xe (io.o) = 0117
Symbol: lseek10 (io.o) = 015E
Symbol: lserr (io.o) = 016C
Symbol: openerr (io.o) = 0085
Symbol: readerr (io.o) = 00E9
Symbol: savecount (io.o) = 00EE
Symbol: SS_BlkRd (io.o) = 0014
Symbol: SS_BlkWr (io.o) = 0015
Symbol: SS_DCmd (io.o) = 000D
Symbol: SS_DevNm (io.o) = 000E
Symbol: SS_ELog (io.o) = 0019
Symbol: SS_EOF (io.o) = 0006
Symbol: SS_FD (io.o) = 000F
Symbol: SS_Frz (io.o) = 000A
Symbol: SS_Lock (io.o) = 0011
Symbol: SS_Pos (io.o) = 0005
Symbol: SS_Ready (io.o) = 0001
Symbol: SS_Relea (io.o) = 001B
Symbol: SS_Reset (io.o) = 0003
Symbol: SS_Size (io.o) = 0002
Symbol: SS_SPT (io.o) = 000B
Symbol: SS_SQD (io.o) = 000C
Symbol: SS_SSig (io.o) = 001A
Symbol: SS_Ticks (io.o) = 0010
Symbol: SS_WTrk (io.o) = 0004
Symbol: store_writeex (io.o) = 011E
Symbol: writeex (io.o) = 0122
