Symbol: _kill (kill.o) = 0000
Symbol: E_EOF (kill.o) = 00D3
Symbol: E_FNA (kill.o) = 00D6
Symbol: E_Seek (kill.o) = 00F7
Symbol: E_UnkSvc (kill.o) = 00D0
Symbol: F_Chain (kill.o) = 0005
Symbol: F_CRC (kill.o) = 0017
Symbol: F_Exit (kill.o) = 0006
Symbol: F_Fork (kill.o) = 0003
Symbol: F_Icpt (kill.o) = 0009
Symbol: F_ID (kill.o) = 000C
Symbol: F_Link (kill.o) = 0000
Symbol: F_Load (kill.o) = 0001
Symbol: F_Mem (kill.o) = 0007
Symbol: F_PErr (kill.o) = 000F
Symbol: F_Send (kill.o) = 0008
Symbol: F_Sleep (kill.o) = 000A
Symbol: F_SPrior (kill.o) = 000D
Symbol: F_STime (kill.o) = 0016
Symbol: F_Time (kill.o) = 0015
Symbol: F_UnLink (kill.o) = 0002
Symbol: F_Wait (kill.o) = 0004
Symbol: I_ChgDir (kill.o) = 0086
Symbol: I_Close (kill.o) = 008F
Symbol: I_Create (kill.o) = 0083
Symbol: I_DeletX (kill.o) = 0090
Symbol: I_GetStt (kill.o) = 008D
Symbol: I_MakDir (kill.o) = 0085
Symbol: I_Open (kill.o) = 0084
Symbol: I_Read (kill.o) = 0089
Symbol: I_ReadLn (kill.o) = 008B
Symbol: I_Seek (kill.o) = 0088
Symbol: I_SetStt (kill.o) = 008E
Symbol: I_Write (kill.o) = 008A
Symbol: I_WritLn (kill.o) = 008C
Symbol: SS_BlkRd (kill.o) = 0014
Symbol: SS_BlkWr (kill.o) = 0015
Symbol: SS_DCmd (kill.o) = 000D
Symbol: SS_DevNm (kill.o) = 000E
Symbol: SS_ELog (kill.o) = 0019
Symbol: SS_EOF (kill.o) = 0006
Symbol: SS_FD (kill.o) = 000F
Symbol: SS_Frz (kill.o) = 000A
Symbol: SS_Lock (kill.o) = 0011
Symbol: SS_Pos (kill.o) = 0005
Symbol: SS_Ready (kill.o) = 0001
Symbol: SS_Relea (kill.o) = 001B
Symbol: SS_Reset (kill.o) = 0003
Symbol: SS_Size (kill.o) = 0002
Symbol: SS_SPT (kill.o) = 000B
Symbol: SS_SQD (kill.o) = 000C
Symbol: SS_SSig (kill.o) = 001A
Symbol: SS_Ticks (kill.o) = 0010
Symbol: SS_WTrk (kill.o) = 0004
