Symbol: _crc (misc.o) = 000C
Symbol: _lock (misc.o) = 0000
Symbol: _pause (misc.o) = 0001
Symbol: _prerr (misc.o) = 001A
Symbol: _sync (misc.o) = 000B
Symbol: _tsleep (misc.o) = 0026
Symbol: E_EOF (misc.o) = 00D3
Symbol: E_FNA (misc.o) = 00D6
Symbol: E_Seek (misc.o) = 00F7
Symbol: E_UnkSvc (misc.o) = 00D0
Symbol: F_Chain (misc.o) = 0005
Symbol: F_CRC (misc.o) = 0017
Symbol: F_Exit (misc.o) = 0006
Symbol: F_Fork (misc.o) = 0003
Symbol: F_Icpt (misc.o) = 0009
Symbol: F_ID (misc.o) = 000C
Symbol: F_Link (misc.o) = 0000
Symbol: F_Load (misc.o) = 0001
Symbol: F_Mem (misc.o) = 0007
Symbol: F_PErr (misc.o) = 000F
Symbol: F_Send (misc.o) = 0008
Symbol: F_Sleep (misc.o) = 000A
Symbol: F_SPrior (misc.o) = 000D
Symbol: F_STime (misc.o) = 0016
Symbol: F_Time (misc.o) = 0015
Symbol: F_UnLink (misc.o) = 0002
Symbol: F_Wait (misc.o) = 0004
Symbol: I_ChgDir (misc.o) = 0086
Symbol: I_Close (misc.o) = 008F
Symbol: I_Create (misc.o) = 0083
Symbol: I_DeletX (misc.o) = 0090
Symbol: I_GetStt (misc.o) = 008D
Symbol: I_MakDir (misc.o) = 0085
Symbol: I_Open (misc.o) = 0084
Symbol: I_Read (misc.o) = 0089
Symbol: I_ReadLn (misc.o) = 008B
Symbol: I_Seek (misc.o) = 0088
Symbol: I_SetStt (misc.o) = 008E
Symbol: I_Write (misc.o) = 008A
Symbol: I_WritLn (misc.o) = 008C
Symbol: SS_BlkRd (misc.o) = 0014
Symbol: SS_BlkWr (misc.o) = 0015
Symbol: SS_DCmd (misc.o) = 000D
Symbol: SS_DevNm (misc.o) = 000E
Symbol: SS_ELog (misc.o) = 0019
Symbol: SS_EOF (misc.o) = 0006
Symbol: SS_FD (misc.o) = 000F
Symbol: SS_Frz (misc.o) = 000A
Symbol: SS_Lock (misc.o) = 0011
Symbol: SS_Pos (misc.o) = 0005
Symbol: SS_Ready (misc.o) = 0001
Symbol: SS_Relea (misc.o) = 001B
Symbol: SS_Reset (misc.o) = 0003
Symbol: SS_Size (misc.o) = 0002
Symbol: SS_SPT (misc.o) = 000B
Symbol: SS_SQD (misc.o) = 000C
Symbol: SS_SSig (misc.o) = 001A
Symbol: SS_Ticks (misc.o) = 0010
Symbol: SS_WTrk (misc.o) = 0004
