Symbol: __os_modlink (mod.o) = 0000
Symbol: __os_modload (mod.o) = 001D
Symbol: __os_modunlink (mod.o) = 002E
Symbol: E_EOF (mod.o) = 00D3
Symbol: E_FNA (mod.o) = 00D6
Symbol: E_Seek (mod.o) = 00F7
Symbol: E_UnkSvc (mod.o) = 00D0
Symbol: F_Chain (mod.o) = 0005
Symbol: F_CRC (mod.o) = 0017
Symbol: F_Exit (mod.o) = 0006
Symbol: F_Fork (mod.o) = 0003
Symbol: F_Icpt (mod.o) = 0009
Symbol: F_ID (mod.o) = 000C
Symbol: F_Link (mod.o) = 0000
Symbol: F_Load (mod.o) = 0001
Symbol: F_Mem (mod.o) = 0007
Symbol: F_PErr (mod.o) = 000F
Symbol: F_Send (mod.o) = 0008
Symbol: F_Sleep (mod.o) = 000A
Symbol: F_SPrior (mod.o) = 000D
Symbol: F_STime (mod.o) = 0016
Symbol: F_Time (mod.o) = 0015
Symbol: F_UnLink (mod.o) = 0002
Symbol: F_Wait (mod.o) = 0004
Symbol: I_ChgDir (mod.o) = 0086
Symbol: I_Close (mod.o) = 008F
Symbol: I_Create (mod.o) = 0083
Symbol: I_DeletX (mod.o) = 0090
Symbol: I_GetStt (mod.o) = 008D
Symbol: I_MakDir (mod.o) = 0085
Symbol: I_Open (mod.o) = 0084
Symbol: I_Read (mod.o) = 0089
Symbol: I_ReadLn (mod.o) = 008B
Symbol: I_Seek (mod.o) = 0088
Symbol: I_SetStt (mod.o) = 008E
Symbol: I_Write (mod.o) = 008A
Symbol: I_WritLn (mod.o) = 008C
Symbol: L000f (mod.o) = 000F
Symbol: SS_BlkRd (mod.o) = 0014
Symbol: SS_BlkWr (mod.o) = 0015
Symbol: SS_DCmd (mod.o) = 000D
Symbol: SS_DevNm (mod.o) = 000E
Symbol: SS_ELog (mod.o) = 0019
Symbol: SS_EOF (mod.o) = 0006
Symbol: SS_FD (mod.o) = 000F
Symbol: SS_Frz (mod.o) = 000A
Symbol: SS_Lock (mod.o) = 0011
Symbol: SS_Pos (mod.o) = 0005
Symbol: SS_Ready (mod.o) = 0001
Symbol: SS_Relea (mod.o) = 001B
Symbol: SS_Reset (mod.o) = 0003
Symbol: SS_Size (mod.o) = 0002
Symbol: SS_SPT (mod.o) = 000B
Symbol: SS_SQD (mod.o) = 000C
Symbol: SS_SSig (mod.o) = 001A
Symbol: SS_Ticks (mod.o) = 0010
Symbol: SS_WTrk (mod.o) = 0004
