Symbol: __os_chain (process.o) = 0029
Symbol: __os_fork (process.o) = 0042
Symbol: __os_send (process.o) = 0000
Symbol: __os_setpr (process.o) = 001F
Symbol: __os_wait (process.o) = 000A
Symbol: E_EOF (process.o) = 00D3
Symbol: E_FNA (process.o) = 00D6
Symbol: E_Seek (process.o) = 00F7
Symbol: E_UnkSvc (process.o) = 00D0
Symbol: F_Chain (process.o) = 0005
Symbol: F_CRC (process.o) = 0017
Symbol: F_Exit (process.o) = 0006
Symbol: F_Fork (process.o) = 0003
Symbol: F_Icpt (process.o) = 0009
Symbol: F_ID (process.o) = 000C
Symbol: F_Link (process.o) = 0000
Symbol: F_Load (process.o) = 0001
Symbol: F_Mem (process.o) = 0007
Symbol: F_PErr (process.o) = 000F
Symbol: F_Send (process.o) = 0008
Symbol: F_Sleep (process.o) = 000A
Symbol: F_SPrior (process.o) = 000D
Symbol: F_STime (process.o) = 0016
Symbol: F_Time (process.o) = 0015
Symbol: F_UnLink (process.o) = 0002
Symbol: F_Wait (process.o) = 0004
Symbol: I_ChgDir (process.o) = 0086
Symbol: I_Close (process.o) = 008F
Symbol: I_Create (process.o) = 0083
Symbol: I_DeletX (process.o) = 0090
Symbol: I_GetStt (process.o) = 008D
Symbol: I_MakDir (process.o) = 0085
Symbol: I_Open (process.o) = 0084
Symbol: I_Read (process.o) = 0089
Symbol: I_ReadLn (process.o) = 008B
Symbol: I_Seek (process.o) = 0088
Symbol: I_SetStt (process.o) = 008E
Symbol: I_Write (process.o) = 008A
Symbol: I_WritLn (process.o) = 008C
Symbol: L001b (process.o) = 001B
Symbol: SS_BlkRd (process.o) = 0014
Symbol: SS_BlkWr (process.o) = 0015
Symbol: SS_DCmd (process.o) = 000D
Symbol: SS_DevNm (process.o) = 000E
Symbol: SS_ELog (process.o) = 0019
Symbol: SS_EOF (process.o) = 0006
Symbol: SS_FD (process.o) = 000F
Symbol: SS_Frz (process.o) = 000A
Symbol: SS_Lock (process.o) = 0011
Symbol: SS_Pos (process.o) = 0005
Symbol: SS_Ready (process.o) = 0001
Symbol: SS_Relea (process.o) = 001B
Symbol: SS_Reset (process.o) = 0003
Symbol: SS_Size (process.o) = 0002
Symbol: SS_SPT (process.o) = 000B
Symbol: SS_SQD (process.o) = 000C
Symbol: SS_SSig (process.o) = 001A
Symbol: SS_Ticks (process.o) = 0010
Symbol: SS_WTrk (process.o) = 0004
