Symbol: _setbase (setbase.o) = 0000
Symbol: BIGBUF (setbase.o) = 0008
Symbol: BUFSIZ_C (setbase.o) = 0100
Symbol: DEVMASK (setbase.o) = 00C0
Symbol: E_EOF (setbase.o) = 00D3
Symbol: E_FNA (setbase.o) = 00D6
Symbol: E_Seek (setbase.o) = 00F7
Symbol: E_UnkSvc (setbase.o) = 00D0
Symbol: F_Chain (setbase.o) = 0005
Symbol: F_CRC (setbase.o) = 0017
Symbol: F_Exit (setbase.o) = 0006
Symbol: F_Fork (setbase.o) = 0003
Symbol: F_Icpt (setbase.o) = 0009
Symbol: F_ID (setbase.o) = 000C
Symbol: F_Link (setbase.o) = 0000
Symbol: F_Load (setbase.o) = 0001
Symbol: F_Mem (setbase.o) = 0007
Symbol: F_PErr (setbase.o) = 000F
Symbol: F_Send (setbase.o) = 0008
Symbol: F_Sleep (setbase.o) = 000A
Symbol: F_SPrior (setbase.o) = 000D
Symbol: F_STime (setbase.o) = 0016
Symbol: F_Time (setbase.o) = 0015
Symbol: F_UnLink (setbase.o) = 0002
Symbol: F_Wait (setbase.o) = 0004
Symbol: I_ChgDir (setbase.o) = 0086
Symbol: I_Close (setbase.o) = 008F
Symbol: I_Create (setbase.o) = 0083
Symbol: I_DeletX (setbase.o) = 0090
Symbol: I_GetStt (setbase.o) = 008D
Symbol: I_MakDir (setbase.o) = 0085
Symbol: I_Open (setbase.o) = 0084
Symbol: I_Read (setbase.o) = 0089
Symbol: I_ReadLn (setbase.o) = 008B
Symbol: I_Seek (setbase.o) = 0088
Symbol: I_SetStt (setbase.o) = 008E
Symbol: I_Write (setbase.o) = 008A
Symbol: I_WritLn (setbase.o) = 008C
Symbol: INIT (setbase.o) = 0080
Symbol: L_setbase_big (setbase.o) = 005F
Symbol: L_setbase_check (setbase.o) = 003D
Symbol: L_setbase_done (setbase.o) = 007A
Symbol: L_setbase_flag (setbase.o) = 006E
Symbol: L_setbase_have_size (setbase.o) = 004A
Symbol: L_setbase_known (setbase.o) = 0029
Symbol: L_setbase_merge (setbase.o) = 0022
Symbol: L_setbase_unbuf (setbase.o) = 0063
Symbol: RBF (setbase.o) = 0080
Symbol: SCF (setbase.o) = 0040
Symbol: SS_BlkRd (setbase.o) = 0014
Symbol: SS_BlkWr (setbase.o) = 0015
Symbol: SS_DCmd (setbase.o) = 000D
Symbol: SS_DevNm (setbase.o) = 000E
Symbol: SS_ELog (setbase.o) = 0019
Symbol: SS_EOF (setbase.o) = 0006
Symbol: SS_FD (setbase.o) = 000F
Symbol: SS_Frz (setbase.o) = 000A
Symbol: SS_Lock (setbase.o) = 0011
Symbol: SS_Pos (setbase.o) = 0005
Symbol: SS_Ready (setbase.o) = 0001
Symbol: SS_Relea (setbase.o) = 001B
Symbol: SS_Reset (setbase.o) = 0003
Symbol: SS_Size (setbase.o) = 0002
Symbol: SS_SPT (setbase.o) = 000B
Symbol: SS_SQD (setbase.o) = 000C
Symbol: SS_SSig (setbase.o) = 001A
Symbol: SS_Ticks (setbase.o) = 0010
Symbol: SS_WTrk (setbase.o) = 0004
Symbol: UNBUF (setbase.o) = 0004
