Symbol: _etable (signal.o) = 003C
Symbol: _flag (signal.o) = 003C
Symbol: _sigint (signal.o) = 0000
Symbol: _signal (signal.o) = 0000
Symbol: _table (signal.o) = 0000
Symbol: E_EOF (signal.o) = 00D3
Symbol: E_FNA (signal.o) = 00D6
Symbol: E_Seek (signal.o) = 00F7
Symbol: E_UnkSvc (signal.o) = 00D0
Symbol: eloop (signal.o) = 0065
Symbol: entsiz (signal.o) = 0003
Symbol: F_Chain (signal.o) = 0005
Symbol: F_CRC (signal.o) = 0017
Symbol: F_Exit (signal.o) = 0006
Symbol: F_Fork (signal.o) = 0003
Symbol: F_Icpt (signal.o) = 0009
Symbol: F_ID (signal.o) = 000C
Symbol: F_Link (signal.o) = 0000
Symbol: F_Load (signal.o) = 0001
Symbol: F_Mem (signal.o) = 0007
Symbol: F_PErr (signal.o) = 000F
Symbol: F_Send (signal.o) = 0008
Symbol: F_Sleep (signal.o) = 000A
Symbol: F_SPrior (signal.o) = 000D
Symbol: F_STime (signal.o) = 0016
Symbol: F_Time (signal.o) = 0015
Symbol: F_UnLink (signal.o) = 0002
Symbol: F_Wait (signal.o) = 0004
Symbol: func (signal.o) = 0001
Symbol: I_ChgDir (signal.o) = 0086
Symbol: I_Close (signal.o) = 008F
Symbol: I_Create (signal.o) = 0083
Symbol: I_DeletX (signal.o) = 0090
Symbol: I_GetStt (signal.o) = 008D
Symbol: I_MakDir (signal.o) = 0085
Symbol: I_Open (signal.o) = 0084
Symbol: I_Read (signal.o) = 0089
Symbol: I_ReadLn (signal.o) = 008B
Symbol: I_Seek (signal.o) = 0088
Symbol: I_SetStt (signal.o) = 008E
Symbol: I_Write (signal.o) = 008A
Symbol: I_WritLn (signal.o) = 008C
Symbol: intr10 (signal.o) = 0076
Symbol: intr20 (signal.o) = 0079
Symbol: intr30 (signal.o) = 0081
Symbol: intrupt (signal.o) = 006A
Symbol: lookup (signal.o) = 003C
Symbol: loop (signal.o) = 004A
Symbol: MAXENTS (signal.o) = 0014
Symbol: sig (signal.o) = 0000
Symbol: sigerr (signal.o) = 000C
Symbol: sigexit (signal.o) = 001C
Symbol: signal10 (signal.o) = 0010
Symbol: signal20 (signal.o) = 001E
Symbol: signal30 (signal.o) = 0057
Symbol: signal40 (signal.o) = 0061
Symbol: SS_BlkRd (signal.o) = 0014
Symbol: SS_BlkWr (signal.o) = 0015
Symbol: SS_DCmd (signal.o) = 000D
Symbol: SS_DevNm (signal.o) = 000E
Symbol: SS_ELog (signal.o) = 0019
Symbol: SS_EOF (signal.o) = 0006
Symbol: SS_FD (signal.o) = 000F
Symbol: SS_Frz (signal.o) = 000A
Symbol: SS_Lock (signal.o) = 0011
Symbol: SS_Pos (signal.o) = 0005
Symbol: SS_Ready (signal.o) = 0001
Symbol: SS_Relea (signal.o) = 001B
Symbol: SS_Reset (signal.o) = 0003
Symbol: SS_Size (signal.o) = 0002
Symbol: SS_SPT (signal.o) = 000B
Symbol: SS_SQD (signal.o) = 000C
Symbol: SS_SSig (signal.o) = 001A
Symbol: SS_Ticks (signal.o) = 0010
Symbol: SS_WTrk (signal.o) = 0004
Symbol: Zero (signal.o) = 0004
