Symbol: __os9_sleep (sleep.o) = 0000
Symbol: E_EOF (sleep.o) = 00D3
Symbol: E_FNA (sleep.o) = 00D6
Symbol: E_Seek (sleep.o) = 00F7
Symbol: E_UnkSvc (sleep.o) = 00D0
Symbol: F_Chain (sleep.o) = 0005
Symbol: F_CRC (sleep.o) = 0017
Symbol: F_Exit (sleep.o) = 0006
Symbol: F_Fork (sleep.o) = 0003
Symbol: F_Icpt (sleep.o) = 0009
Symbol: F_ID (sleep.o) = 000C
Symbol: F_Link (sleep.o) = 0000
Symbol: F_Load (sleep.o) = 0001
Symbol: F_Mem (sleep.o) = 0007
Symbol: F_PErr (sleep.o) = 000F
Symbol: F_Send (sleep.o) = 0008
Symbol: F_Sleep (sleep.o) = 000A
Symbol: F_SPrior (sleep.o) = 000D
Symbol: F_STime (sleep.o) = 0016
Symbol: F_Time (sleep.o) = 0015
Symbol: F_UnLink (sleep.o) = 0002
Symbol: F_Wait (sleep.o) = 0004
Symbol: I_ChgDir (sleep.o) = 0086
Symbol: I_Close (sleep.o) = 008F
Symbol: I_Create (sleep.o) = 0083
Symbol: I_DeletX (sleep.o) = 0090
Symbol: I_GetStt (sleep.o) = 008D
Symbol: I_MakDir (sleep.o) = 0085
Symbol: I_Open (sleep.o) = 0084
Symbol: I_Read (sleep.o) = 0089
Symbol: I_ReadLn (sleep.o) = 008B
Symbol: I_Seek (sleep.o) = 0088
Symbol: I_SetStt (sleep.o) = 008E
Symbol: I_Write (sleep.o) = 008A
Symbol: I_WritLn (sleep.o) = 008C
Symbol: SS_BlkRd (sleep.o) = 0014
Symbol: SS_BlkWr (sleep.o) = 0015
Symbol: SS_DCmd (sleep.o) = 000D
Symbol: SS_DevNm (sleep.o) = 000E
Symbol: SS_ELog (sleep.o) = 0019
Symbol: SS_EOF (sleep.o) = 0006
Symbol: SS_FD (sleep.o) = 000F
Symbol: SS_Frz (sleep.o) = 000A
Symbol: SS_Lock (sleep.o) = 0011
Symbol: SS_Pos (sleep.o) = 0005
Symbol: SS_Ready (sleep.o) = 0001
Symbol: SS_Relea (sleep.o) = 001B
Symbol: SS_Reset (sleep.o) = 0003
Symbol: SS_Size (sleep.o) = 0002
Symbol: SS_SPT (sleep.o) = 000B
Symbol: SS_SQD (sleep.o) = 000C
Symbol: SS_SSig (sleep.o) = 001A
Symbol: SS_Ticks (sleep.o) = 0010
Symbol: SS_WTrk (sleep.o) = 0004
