Symbol: _ss_opt (ss1.o) = 0008
Symbol: _ss_pfd (ss1.o) = 000C
Symbol: _ss_rel (ss1.o) = 0000
Symbol: _ss_rest (ss1.o) = 0004
Symbol: _ss_ssig (ss1.o) = 0010
Symbol: _ss_tiks (ss1.o) = 0014
Symbol: Continue_01 (ss1.o) = 0016
Symbol: Continue_02 (ss1.o) = 0018
Symbol: E_EOF (ss1.o) = 00D3
Symbol: E_FNA (ss1.o) = 00D6
Symbol: E_Seek (ss1.o) = 00F7
Symbol: E_UnkSvc (ss1.o) = 00D0
Symbol: F_Chain (ss1.o) = 0005
Symbol: F_CRC (ss1.o) = 0017
Symbol: F_Exit (ss1.o) = 0006
Symbol: F_Fork (ss1.o) = 0003
Symbol: F_Icpt (ss1.o) = 0009
Symbol: F_ID (ss1.o) = 000C
Symbol: F_Link (ss1.o) = 0000
Symbol: F_Load (ss1.o) = 0001
Symbol: F_Mem (ss1.o) = 0007
Symbol: F_PErr (ss1.o) = 000F
Symbol: F_Send (ss1.o) = 0008
Symbol: F_Sleep (ss1.o) = 000A
Symbol: F_SPrior (ss1.o) = 000D
Symbol: F_STime (ss1.o) = 0016
Symbol: F_Time (ss1.o) = 0015
Symbol: F_UnLink (ss1.o) = 0002
Symbol: F_Wait (ss1.o) = 0004
Symbol: I_ChgDir (ss1.o) = 0086
Symbol: I_Close (ss1.o) = 008F
Symbol: I_Create (ss1.o) = 0083
Symbol: I_DeletX (ss1.o) = 0090
Symbol: I_GetStt (ss1.o) = 008D
Symbol: I_MakDir (ss1.o) = 0085
Symbol: I_Open (ss1.o) = 0084
Symbol: I_Read (ss1.o) = 0089
Symbol: I_ReadLn (ss1.o) = 008B
Symbol: I_Seek (ss1.o) = 0088
Symbol: I_SetStt (ss1.o) = 008E
Symbol: I_Write (ss1.o) = 008A
Symbol: I_WritLn (ss1.o) = 008C
Symbol: SS_BlkRd (ss1.o) = 0014
Symbol: SS_BlkWr (ss1.o) = 0015
Symbol: SS_DCmd (ss1.o) = 000D
Symbol: SS_DevNm (ss1.o) = 000E
Symbol: SS_ELog (ss1.o) = 0019
Symbol: SS_EOF (ss1.o) = 0006
Symbol: SS_FD (ss1.o) = 000F
Symbol: SS_Frz (ss1.o) = 000A
Symbol: SS_Lock (ss1.o) = 0011
Symbol: SS_Pos (ss1.o) = 0005
Symbol: SS_Ready (ss1.o) = 0001
Symbol: SS_Relea (ss1.o) = 001B
Symbol: SS_Reset (ss1.o) = 0003
Symbol: SS_Size (ss1.o) = 0002
Symbol: SS_SPT (ss1.o) = 000B
Symbol: SS_SQD (ss1.o) = 000C
Symbol: SS_SSig (ss1.o) = 001A
Symbol: SS_Ticks (ss1.o) = 0010
Symbol: SS_WTrk (ss1.o) = 0004
