Symbol: _ss_attr (ss2.o) = 0006
Symbol: _ss_lock (ss2.o) = 0000
Symbol: _ss_size (ss2.o) = 000C
Symbol: Continue_01 (ss2.o) = 0010
Symbol: Continue_02 (ss2.o) = 0012
Symbol: E_EOF (ss2.o) = 00D3
Symbol: E_FNA (ss2.o) = 00D6
Symbol: E_Seek (ss2.o) = 00F7
Symbol: E_UnkSvc (ss2.o) = 00D0
Symbol: F_Chain (ss2.o) = 0005
Symbol: F_CRC (ss2.o) = 0017
Symbol: F_Exit (ss2.o) = 0006
Symbol: F_Fork (ss2.o) = 0003
Symbol: F_Icpt (ss2.o) = 0009
Symbol: F_ID (ss2.o) = 000C
Symbol: F_Link (ss2.o) = 0000
Symbol: F_Load (ss2.o) = 0001
Symbol: F_Mem (ss2.o) = 0007
Symbol: F_PErr (ss2.o) = 000F
Symbol: F_Send (ss2.o) = 0008
Symbol: F_Sleep (ss2.o) = 000A
Symbol: F_SPrior (ss2.o) = 000D
Symbol: F_STime (ss2.o) = 0016
Symbol: F_Time (ss2.o) = 0015
Symbol: F_UnLink (ss2.o) = 0002
Symbol: F_Wait (ss2.o) = 0004
Symbol: I_ChgDir (ss2.o) = 0086
Symbol: I_Close (ss2.o) = 008F
Symbol: I_Create (ss2.o) = 0083
Symbol: I_DeletX (ss2.o) = 0090
Symbol: I_GetStt (ss2.o) = 008D
Symbol: I_MakDir (ss2.o) = 0085
Symbol: I_Open (ss2.o) = 0084
Symbol: I_Read (ss2.o) = 0089
Symbol: I_ReadLn (ss2.o) = 008B
Symbol: I_Seek (ss2.o) = 0088
Symbol: I_SetStt (ss2.o) = 008E
Symbol: I_Write (ss2.o) = 008A
Symbol: I_WritLn (ss2.o) = 008C
Symbol: SS_BlkRd (ss2.o) = 0014
Symbol: SS_BlkWr (ss2.o) = 0015
Symbol: SS_DCmd (ss2.o) = 000D
Symbol: SS_DevNm (ss2.o) = 000E
Symbol: SS_ELog (ss2.o) = 0019
Symbol: SS_EOF (ss2.o) = 0006
Symbol: SS_FD (ss2.o) = 000F
Symbol: SS_Frz (ss2.o) = 000A
Symbol: SS_Lock (ss2.o) = 0011
Symbol: SS_Pos (ss2.o) = 0005
Symbol: SS_Ready (ss2.o) = 0001
Symbol: SS_Relea (ss2.o) = 001B
Symbol: SS_Reset (ss2.o) = 0003
Symbol: SS_Size (ss2.o) = 0002
Symbol: SS_SPT (ss2.o) = 000B
Symbol: SS_SQD (ss2.o) = 000C
Symbol: SS_SSig (ss2.o) = 001A
Symbol: SS_Ticks (ss2.o) = 0010
Symbol: SS_WTrk (ss2.o) = 0004
