Symbol: _ss_wtrk (ss3.o) = 0000
Symbol: E_EOF (ss3.o) = 00D3
Symbol: E_FNA (ss3.o) = 00D6
Symbol: E_Seek (ss3.o) = 00F7
Symbol: E_UnkSvc (ss3.o) = 00D0
Symbol: F_Chain (ss3.o) = 0005
Symbol: F_CRC (ss3.o) = 0017
Symbol: F_Exit (ss3.o) = 0006
Symbol: F_Fork (ss3.o) = 0003
Symbol: F_Icpt (ss3.o) = 0009
Symbol: F_ID (ss3.o) = 000C
Symbol: F_Link (ss3.o) = 0000
Symbol: F_Load (ss3.o) = 0001
Symbol: F_Mem (ss3.o) = 0007
Symbol: F_PErr (ss3.o) = 000F
Symbol: F_Send (ss3.o) = 0008
Symbol: F_Sleep (ss3.o) = 000A
Symbol: F_SPrior (ss3.o) = 000D
Symbol: F_STime (ss3.o) = 0016
Symbol: F_Time (ss3.o) = 0015
Symbol: F_UnLink (ss3.o) = 0002
Symbol: F_Wait (ss3.o) = 0004
Symbol: I_ChgDir (ss3.o) = 0086
Symbol: I_Close (ss3.o) = 008F
Symbol: I_Create (ss3.o) = 0083
Symbol: I_DeletX (ss3.o) = 0090
Symbol: I_GetStt (ss3.o) = 008D
Symbol: I_MakDir (ss3.o) = 0085
Symbol: I_Open (ss3.o) = 0084
Symbol: I_Read (ss3.o) = 0089
Symbol: I_ReadLn (ss3.o) = 008B
Symbol: I_Seek (ss3.o) = 0088
Symbol: I_SetStt (ss3.o) = 008E
Symbol: I_Write (ss3.o) = 008A
Symbol: I_WritLn (ss3.o) = 008C
Symbol: SS_BlkRd (ss3.o) = 0014
Symbol: SS_BlkWr (ss3.o) = 0015
Symbol: SS_DCmd (ss3.o) = 000D
Symbol: SS_DevNm (ss3.o) = 000E
Symbol: SS_ELog (ss3.o) = 0019
Symbol: SS_EOF (ss3.o) = 0006
Symbol: SS_FD (ss3.o) = 000F
Symbol: SS_Frz (ss3.o) = 000A
Symbol: SS_Lock (ss3.o) = 0011
Symbol: SS_Pos (ss3.o) = 0005
Symbol: SS_Ready (ss3.o) = 0001
Symbol: SS_Relea (ss3.o) = 001B
Symbol: SS_Reset (ss3.o) = 0003
Symbol: SS_Size (ss3.o) = 0002
Symbol: SS_SPT (ss3.o) = 000B
Symbol: SS_SQD (ss3.o) = 000C
Symbol: SS_SSig (ss3.o) = 001A
Symbol: SS_Ticks (ss3.o) = 0010
Symbol: SS_WTrk (ss3.o) = 0004
