Symbol: __os_getime (time.o) = 0000
Symbol: __os_setime (time.o) = 0008
Symbol: E_EOF (time.o) = 00D3
Symbol: E_FNA (time.o) = 00D6
Symbol: E_Seek (time.o) = 00F7
Symbol: E_UnkSvc (time.o) = 00D0
Symbol: F_Chain (time.o) = 0005
Symbol: F_CRC (time.o) = 0017
Symbol: F_Exit (time.o) = 0006
Symbol: F_Fork (time.o) = 0003
Symbol: F_Icpt (time.o) = 0009
Symbol: F_ID (time.o) = 000C
Symbol: F_Link (time.o) = 0000
Symbol: F_Load (time.o) = 0001
Symbol: F_Mem (time.o) = 0007
Symbol: F_PErr (time.o) = 000F
Symbol: F_Send (time.o) = 0008
Symbol: F_Sleep (time.o) = 000A
Symbol: F_SPrior (time.o) = 000D
Symbol: F_STime (time.o) = 0016
Symbol: F_Time (time.o) = 0015
Symbol: F_UnLink (time.o) = 0002
Symbol: F_Wait (time.o) = 0004
Symbol: I_ChgDir (time.o) = 0086
Symbol: I_Close (time.o) = 008F
Symbol: I_Create (time.o) = 0083
Symbol: I_DeletX (time.o) = 0090
Symbol: I_GetStt (time.o) = 008D
Symbol: I_MakDir (time.o) = 0085
Symbol: I_Open (time.o) = 0084
Symbol: I_Read (time.o) = 0089
Symbol: I_ReadLn (time.o) = 008B
Symbol: I_Seek (time.o) = 0088
Symbol: I_SetStt (time.o) = 008E
Symbol: I_Write (time.o) = 008A
Symbol: I_WritLn (time.o) = 008C
Symbol: SS_BlkRd (time.o) = 0014
Symbol: SS_BlkWr (time.o) = 0015
Symbol: SS_DCmd (time.o) = 000D
Symbol: SS_DevNm (time.o) = 000E
Symbol: SS_ELog (time.o) = 0019
Symbol: SS_EOF (time.o) = 0006
Symbol: SS_FD (time.o) = 000F
Symbol: SS_Frz (time.o) = 000A
Symbol: SS_Lock (time.o) = 0011
Symbol: SS_Pos (time.o) = 0005
Symbol: SS_Ready (time.o) = 0001
Symbol: SS_Relea (time.o) = 001B
Symbol: SS_Reset (time.o) = 0003
Symbol: SS_Size (time.o) = 0002
Symbol: SS_SPT (time.o) = 000B
Symbol: SS_SQD (time.o) = 000C
Symbol: SS_SSig (time.o) = 001A
Symbol: SS_Ticks (time.o) = 0010
Symbol: SS_WTrk (time.o) = 0004
