Symbol: _dadd (cfloats.o) = 002F
Symbol: _dcmpr (cfloats.o) = 00D8
Symbol: _ddec (cfloats.o) = 0687
Symbol: _ddiv (cfloats.o) = 0049
Symbol: _dinc (cfloats.o) = 0669
Symbol: _dmove (cfloats.o) = 0713
Symbol: _dmul (cfloats.o) = 0041
Symbol: _dneg (cfloats.o) = 001B
Symbol: _dnorm (cfloats.o) = 0000
Symbol: _dstack (cfloats.o) = 06EC
Symbol: _dsub (cfloats.o) = 0038
Symbol: _dtof (cfloats.o) = 008A
Symbol: _dtoi (cfloats.o) = 0057
Symbol: _dtol (cfloats.o) = 0051
Symbol: _fdec (cfloats.o) = 06C3
Symbol: _finc (cfloats.o) = 0699
Symbol: _fmove (cfloats.o) = 0703
Symbol: _fstack (cfloats.o) = 06D5
Symbol: _ftod (cfloats.o) = 009B
Symbol: _itod (cfloats.o) = 006D
Symbol: _ltod (cfloats.o) = 005C
Symbol: _utod (cfloats.o) = 007D
Symbol: _xtofla (cfloats.o) = 064E
Symbol: BranchTarget_01 (cfloats.o) = 0113
Symbol: BranchTarget_02 (cfloats.o) = 011A
Symbol: BranchTarget_03 (cfloats.o) = 0147
Symbol: BranchTarget_04 (cfloats.o) = 014B
Symbol: BranchTarget_05 (cfloats.o) = 015A
Symbol: BranchTarget_06 (cfloats.o) = 0192
Symbol: BranchTarget_07 (cfloats.o) = 01C3
Symbol: BranchTarget_08 (cfloats.o) = 01C9
Symbol: BranchTarget_09 (cfloats.o) = 0230
Symbol: BranchTarget_10 (cfloats.o) = 0238
Symbol: BranchTarget_11 (cfloats.o) = 023B
Symbol: BranchTarget_12 (cfloats.o) = 0289
Symbol: BranchTarget_13 (cfloats.o) = 028C
Symbol: BranchTarget_14 (cfloats.o) = 02B5
Symbol: BranchTarget_15 (cfloats.o) = 02D2
Symbol: BranchTarget_16 (cfloats.o) = 02E6
Symbol: BranchTarget_17 (cfloats.o) = 02EA
Symbol: BranchTarget_18 (cfloats.o) = 02FD
Symbol: BranchTarget_19 (cfloats.o) = 0339
Symbol: BranchTarget_20 (cfloats.o) = 03DA
Symbol: BranchTarget_21 (cfloats.o) = 048F
Symbol: BranchTarget_22 (cfloats.o) = 052A
Symbol: BranchTarget_23 (cfloats.o) = 0536
Symbol: BranchTarget_24 (cfloats.o) = 056E
Symbol: BranchTarget_25 (cfloats.o) = 0584
Symbol: BranchTarget_26 (cfloats.o) = 0596
Symbol: BranchTarget_27 (cfloats.o) = 05A8
Symbol: BranchTarget_28 (cfloats.o) = 05C9
Symbol: BranchTarget_29 (cfloats.o) = 0604
Symbol: cmpSingleSingle (cfloats.o) = 0735
Symbol: Continue_01 (cfloats.o) = 00B4
Symbol: Continue_02 (cfloats.o) = 01E9
Symbol: Continue_03 (cfloats.o) = 02D5
Symbol: Continue_04 (cfloats.o) = 038E
Symbol: Continue_05 (cfloats.o) = 04EA
Symbol: Continue_06 (cfloats.o) = 054A
Symbol: Continue_07 (cfloats.o) = 0650
Symbol: Continue_08 (cfloats.o) = 0729
Symbol: copySingle (cfloats.o) = 0730
Symbol: D0000 (cfloats.o) = 0000
Symbol: D0010 (cfloats.o) = 0010
Symbol: D0011 (cfloats.o) = 0011
Symbol: D0012 (cfloats.o) = 0012
Symbol: D0013 (cfloats.o) = 0013
Symbol: D0014 (cfloats.o) = 0014
Symbol: D0015 (cfloats.o) = 0015
Symbol: D0016 (cfloats.o) = 0016
Symbol: D0017 (cfloats.o) = 0017
Symbol: D0018 (cfloats.o) = 0018
Symbol: D0019 (cfloats.o) = 0019
Symbol: D001c (cfloats.o) = 001C
Symbol: D001d (cfloats.o) = 001D
Symbol: D001e (cfloats.o) = 001E
Symbol: D0022 (cfloats.o) = 0022
Symbol: D0023 (cfloats.o) = 0023
Symbol: D0024 (cfloats.o) = 0024
Symbol: D0025 (cfloats.o) = 0025
Symbol: D0026 (cfloats.o) = 0026
Symbol: D0027 (cfloats.o) = 0027
Symbol: D0028 (cfloats.o) = 0028
Symbol: D0029 (cfloats.o) = 0029
Symbol: D002a (cfloats.o) = 002A
Symbol: D0081 (cfloats.o) = 0081
Symbol: divSingleSingle (cfloats.o) = 0733
Symbol: isSingleZero (cfloats.o) = 0736
Symbol: Label_01 (cfloats.o) = 0522
Symbol: Label_02 (cfloats.o) = 060E
Symbol: Loop_01 (cfloats.o) = 001E
Symbol: Loop_02 (cfloats.o) = 011E
Symbol: Loop_03 (cfloats.o) = 014F
Symbol: Loop_04 (cfloats.o) = 0180
Symbol: Loop_05 (cfloats.o) = 01A4
Symbol: Loop_06 (cfloats.o) = 01BC
Symbol: Loop_07 (cfloats.o) = 01CC
Symbol: Loop_08 (cfloats.o) = 02AD
Symbol: Loop_09 (cfloats.o) = 02F7
Symbol: Loop_10 (cfloats.o) = 03AB
Symbol: Loop_11 (cfloats.o) = 040A
Symbol: Loop_12 (cfloats.o) = 0441
Symbol: Loop_13 (cfloats.o) = 0518
Symbol: Loop_14 (cfloats.o) = 0538
Symbol: Loop_15 (cfloats.o) = 0541
Symbol: Loop_16 (cfloats.o) = 0576
Symbol: Loop_17 (cfloats.o) = 0586
Symbol: Loop_18 (cfloats.o) = 0678
Symbol: Loop_19 (cfloats.o) = 06A9
Symbol: mulSingleSingle (cfloats.o) = 0734
Symbol: return (cfloats.o) = 04E7
Symbol: Return_01 (cfloats.o) = 02E5
Symbol: Return_02 (cfloats.o) = 03A3
Symbol: Return_03 (cfloats.o) = 060D
Symbol: ReturnZero_01 (cfloats.o) = 05B9
Symbol: Subroutine_01 (cfloats.o) = 0008
Symbol: Subroutine_02 (cfloats.o) = 015F
Symbol: Subroutine_03 (cfloats.o) = 0189
Symbol: Subroutine_04 (cfloats.o) = 028F
Symbol: Subroutine_05 (cfloats.o) = 0291
Symbol: Subroutine_06 (cfloats.o) = 0302
Symbol: Subroutine_07 (cfloats.o) = 0328
Symbol: Subroutine_08 (cfloats.o) = 032E
Symbol: Subroutine_09 (cfloats.o) = 0376
Symbol: Subroutine_10 (cfloats.o) = 03A4
Symbol: Subroutine_11 (cfloats.o) = 0402
Symbol: Subroutine_12 (cfloats.o) = 04A7
Symbol: Subroutine_13 (cfloats.o) = 05D7
Symbol: Subroutine_14 (cfloats.o) = 061E
Symbol: Subroutine_15 (cfloats.o) = 0636
Symbol: subSingleSingle (cfloats.o) = 0737
