Symbol: _getstat (stat.o) = 0000
Symbol: _setstat (stat.o) = 0041
Symbol: E_UnkSvc (stat.o) = 00D0
Symbol: gsbye (stat.o) = 003C
Symbol: I_GetStt (stat.o) = 008D
Symbol: I_SetStt (stat.o) = 008E
Symbol: L0024 (stat.o) = 0024
Symbol: L002e (stat.o) = 0029
Symbol: L0039 (stat.o) = 0034
Symbol: L003c (stat.o) = 0037
Symbol: L003e (stat.o) = 0039
Symbol: L0091 (stat.o) = 008C
Symbol: L0094 (stat.o) = 008F
Symbol: L0096 (stat.o) = 0091
Symbol: L009a (stat.o) = 0095
Symbol: L00a6 (stat.o) = 00A1
Symbol: SS_BlkRd (stat.o) = 0014
Symbol: SS_BlkWr (stat.o) = 0015
Symbol: SS_DCmd (stat.o) = 000D
Symbol: SS_DevNm (stat.o) = 000E
Symbol: SS_ELog (stat.o) = 0019
Symbol: SS_EOF (stat.o) = 0006
Symbol: SS_FD (stat.o) = 000F
Symbol: SS_Frz (stat.o) = 000A
Symbol: SS_Lock (stat.o) = 0011
Symbol: SS_Pos (stat.o) = 0005
Symbol: SS_Ready (stat.o) = 0001
Symbol: SS_Relea (stat.o) = 001B
Symbol: SS_Reset (stat.o) = 0003
Symbol: SS_Size (stat.o) = 0002
Symbol: SS_SPT (stat.o) = 000B
Symbol: SS_SQD (stat.o) = 000C
Symbol: SS_SSig (stat.o) = 001A
Symbol: SS_Ticks (stat.o) = 0010
Symbol: SS_WTrk (stat.o) = 0004
